cl scr;
SQL> CREATE TABLE SALESMAN(SID NUMBER(2) PRIMARY KEY,NAME VARCHAR(10),CITY VARCHAR(10),COMMISSION NUMBER(3));

Table created.

SQL> CREATE TABLE CUSTOMER(C_ID NUMBER(2) PRIMARY KEY,CNAME VARCHAR(10),CITY VARCHAR(10),GRADE NUMBER(3),S_ID NUMBER(2) FOREIGN KEY(S_ID) REFERENCES SALESMAN(SID));
CREATE TABLE CUSTOMER(C_ID NUMBER(2) PRIMARY KEY,CNAME VARCHAR(10),CITY VARCHAR(10),GRADE NUMBER(3),S_ID NUMBER(2) FOREIGN KEY(S_ID) REFERENCES SALESMAN(SID))
                                                                                                                   *
ERROR at line 1:
ORA-00907: missing right parenthesis 


SQL> 
SQL>  CREATE TABLE CUSTOMER(C_ID NUMBER(2) PRIMARY KEY,CNAME VARCHAR(10),CITY VARCHAR(10),GRADE NUMBER(3),S_ID NUMBER(2), FOREIGN KEY (S_ID)REFERENCES SALESMAN(SID));

Table created.

SQL> INSERT INTO SALESMAN VALUES(01,'RAJ','BOMBAY',20);

1 row created.

SQL> INSERT INTO SALESMAN VALUES(02,'PREM','DELHI',22);

1 row created.

SQL> INSERT INTO SALESMAN VALUES(03,
  2  'JAY','LONDON',30);

1 row created.

SQL> INSERT INTO SALESMAN VALUES(04,'HET','BOMBAY',28);

1 row created.

SQL> INSERT INTO SALESMAN VALUES(05,'AMAN','PUNE',20);

1 row created.

SQL> COMMIT;

Commit complete.

SQL> 
