cl scr;
SQL> desc emp1;
 Name                                      Null?    Type
 ----------------------------------------- -------- ----------------------------
 EMPNO                                     NOT NULL NUMBER(2)
 NAME                                               VARCHAR2(10)
 SALARY                                             NUMBER(5)
 DEPTNO                                             NUMBER(2)

SQL> create table dept1(deptno number(2) primary key,dname varchar(10),city varchar(8));

Table created.

SQL> alter table emp1 add constraint fkk_emp1 foreign key (deptno) references dept1 (deptno);

Table altered.

SQL> insert into emp1 values(1,'krishn',5000,10);
insert into emp1 values(1,'krishn',5000,10)
*
ERROR at line 1:
ORA-02291: integrity constraint (SCOTT.FKK_EMP1) violated - parent key not 
found 


SQL> insert into dept1 values(10,'sales','anand');

1 row created.

SQL> 
SQL> insert into dept1 values(10,'sales','anand');
insert into dept1 values(10,'sales','anand')
*
ERROR at line 1:
ORA-00001: unique constraint (SCOTT.SYS_C005224) violated 


SQL> insert into dept1 values(10,'sales','anand');insert into dept1 values(20,'acc','amreli');
insert into dept1 values(10,'sales','anand');insert into dept1 values(20,'acc','amreli')
                                            *
ERROR at line 1:
ORA-00911: invalid character 


SQL> insert into dept1 values(20,'acc','amreli');

1 row created.

SQL> insert into dept1 values(30,'analyst','rajkot');

1 row created.

SQL> insert into dept1 values(30,'analyst','rajkot');
insert into dept1 values(30,'analyst','rajkot')
*
ERROR at line 1:
ORA-00001: unique constraint (SCOTT.SYS_C005224) violated 


SQL> insert into dept1 values(40,'marketing','amdavad');

1 row created.

SQL> select *from dept1;

    DEPTNO DNAME      CITY                                                      
---------- ---------- --------                                                  
        10 sales      anand                                                     
        20 acc        amreli                                                    
        30 analyst    rajkot                                                    
        40 marketing  amdavad                                                   

SQL> insert into emp1 values(1,'krishn',5000,10);

1 row created.

SQL> insert into emp1 values(2,'hari',6000,20);

1 row created.

SQL> insert into emp1 values(3,'shyam',4000,10);

1 row created.

SQL> 
SQL> insert into emp1 values(4,'naman',5000,30);

1 row created.

SQL> insert into emp1 values(5,'siya',7000,40);

1 row created.

SQL> insert into emp1 values(6,'sweta',6000,30);

1 row created.

SQL> slect *from emp1;
SP2-0734: unknown command beginning "slect *fro..." - rest of line ignored.
SQL> select *from emp1;

     EMPNO NAME           SALARY     DEPTNO                                     
---------- ---------- ---------- ----------                                     
         1 krishn           5000         10                                     
         2 hari             6000         20                                     
         3 shyam            4000         10                                     
         4 naman            5000         30                                     
         5 siya             7000         40                                     
         6 sweta            6000         30                                     

6 rows selected.

SQL> select *from employee1;

     EMPID ENAME      POST            MGRID HIREDATE      SALARY COMMISSION     
---------- ---------- ---------- ---------- --------- ---------- ----------     
    DEPTID                                                                      
----------                                                                      
     13654 PART       ANALYST         12675 27-DEC-95      90000                
        10                                                                      
                                                                                
     18654 RAMESH     ANALYST         12675 15-MAY-93      85000                
        10                                                                      
                                                                                
     12345 BANSI      CLERK                 18-NOV-90      15000                
        10                                                                      
                                                                                

     EMPID ENAME      POST            MGRID HIREDATE      SALARY COMMISSION     
---------- ---------- ---------- ---------- --------- ---------- ----------     
    DEPTID                                                                      
----------                                                                      
     13254 RADHA      SALESMAN        12345 25-NOV-90      12000       4000     
        20                                                                      
                                                                                
     12675 TANMAY     PRESIDENT             05-JUL-85      12400                
        10                                                                      
                                                                                
     13457 SURAJ      SALESMAN        12345 12-AUG-92      14650       1700     
        30                                                                      
                                                                                

     EMPID ENAME      POST            MGRID HIREDATE      SALARY COMMISSION     
---------- ---------- ---------- ---------- --------- ---------- ----------     
    DEPTID                                                                      
----------                                                                      
     14567 SEEMA      PROGRAMMER      13654 17-JUL-94      35000                
        10                                                                      
                                                                                
     16754 KRUPA      PROGRAMMER      13654 13-AUG-92      30000                
        10                                                                      
                                                                                
     14562 KALPANA    CLERK                 17-SEP-90       1700                
        40                                                                      
                                                                                

     EMPID ENAME      POST            MGRID HIREDATE      SALARY COMMISSION     
---------- ---------- ---------- ---------- --------- ---------- ----------     
    DEPTID                                                                      
----------                                                                      
     12435 KEVAL      SALESMAN        12345 20-OCT-90      18000       6500     
        20                                                                      
                                                                                

10 rows selected.

SQL> 
SQL> set linesize 200
SQL> set pagesize 100
SQL> select *from employee1;

     EMPID ENAME      POST            MGRID HIREDATE      SALARY COMMISSION     DEPTID                                                                                                                  
---------- ---------- ---------- ---------- --------- ---------- ---------- ----------                                                                                                                  
     13654 PART       ANALYST         12675 27-DEC-95      90000                    10                                                                                                                  
     18654 RAMESH     ANALYST         12675 15-MAY-93      85000                    10                                                                                                                  
     12345 BANSI      CLERK                 18-NOV-90      15000                    10                                                                                                                  
     13254 RADHA      SALESMAN        12345 25-NOV-90      12000       4000         20                                                                                                                  
     12675 TANMAY     PRESIDENT             05-JUL-85      12400                    10                                                                                                                  
     13457 SURAJ      SALESMAN        12345 12-AUG-92      14650       1700         30                                                                                                                  
     14567 SEEMA      PROGRAMMER      13654 17-JUL-94      35000                    10                                                                                                                  
     16754 KRUPA      PROGRAMMER      13654 13-AUG-92      30000                    10                                                                                                                  
     14562 KALPANA    CLERK                 17-SEP-90       1700                    40                                                                                                                  
     12435 KEVAL      SALESMAN        12345 20-OCT-90      18000       6500         20                                                                                                                  

10 rows selected.

SQL> 
SQL> 
SQL> 
SQL> 
SQL> 
SQL> 
SQL> select deptno,sum(salary) as salary from emp1 group by deptno;

    DEPTNO     SALARY                                                                                                                                                                                   
---------- ----------                                                                                                                                                                                   
        30      11000                                                                                                                                                                                   
        20       6000                                                                                                                                                                                   
        40       7000                                                                                                                                                                                   
        10       9000                                                                                                                                                                                   

SQL> select dname,count(empno) as totalemp from emp1 group by deptno;
select dname,count(empno) as totalemp from emp1 group by deptno
       *
ERROR at line 1:
ORA-00904: "DNAME": invalid identifier 


SQL> alter table add emp1 add (dname  varchar(10));
alter table add emp1 add (dname  varchar(10))
            *
ERROR at line 1:
ORA-00903: invalid table name 


SQL> alter table emp1 add (dname varchar(10));

Table altered.

SQL> select *from emp1;

     EMPNO NAME           SALARY     DEPTNO DNAME                                                                                                                                                       
---------- ---------- ---------- ---------- ----------                                                                                                                                                  
         1 krishn           5000         10                                                                                                                                                             
         2 hari             6000         20                                                                                                                                                             
         3 shyam            4000         10                                                                                                                                                             
         4 naman            5000         30                                                                                                                                                             
         5 siya             7000         40                                                                                                                                                             
         6 sweta            6000         30                                                                                                                                                             

6 rows selected.

SQL> select *from dept1;

    DEPTNO DNAME      CITY                                                                                                                                                                              
---------- ---------- --------                                                                                                                                                                          
        10 sales      anand                                                                                                                                                                             
        20 acc        amreli                                                                                                                                                                            
        30 analyst    rajkot                                                                                                                                                                            
        40 marketing  amdavad                                                                                                                                                                           

SQL> update emp1 set dname='sales' where deptno=10;

2 rows updated.

SQL> update emp1 set dname='acc' where deptno=20;

1 row updated.

SQL> update emp1 set dname='analyst' where deptno=30;

2 rows updated.

SQL> update emp1 set dname='marketing' where deptno=40;

1 row updated.

SQL> select *from emp1;

     EMPNO NAME           SALARY     DEPTNO DNAME                                                                                                                                                       
---------- ---------- ---------- ---------- ----------                                                                                                                                                  
         1 krishn           5000         10 sales                                                                                                                                                       
         2 hari             6000         20 acc                                                                                                                                                         
         3 shyam            4000         10 sales                                                                                                                                                       
         4 naman            5000         30 analyst                                                                                                                                                     
         5 siya             7000         40 marketing                                                                                                                                                   
         6 sweta            6000         30 analyst                                                                                                                                                     

6 rows selected.

SQL> select dname,count(empno) as totalemp from emp group by dname;
select dname,count(empno) as totalemp from emp group by dname
                                                        *
ERROR at line 1:
ORA-00904: "DNAME": invalid identifier 


SQL> select dname,count(empno) as total from emp1 group by dname;

DNAME           TOTAL                                                                                                                                                                                   
---------- ----------                                                                                                                                                                                   
acc                 1                                                                                                                                                                                   
sales               2                                                                                                                                                                                   
marketing           1                                                                                                                                                                                   
analyst             2                                                                                                                                                                                   

SQL> commit;

Commit complete.

SQL> 
